<html>
<body>
<pre>
<h1>µVision Build Log</h1>
<h2>Tool Versions:</h2>
IDE-Version: ¦ÌVision V5.27.1.0
Copyright (C) 2019 ARM Ltd and ARM Germany GmbH. All rights reserved.
License Information: Administrator Administrator, Administrator, LIC=PE7DL-0UEHA-74LS0-B0QI1-SB4K4-4MES9
 
Tool Versions:
Toolchain:       MDK-ARM Plus  Version: 5.35.0.2
Toolchain Path:  D:\Program Files\KEIL\ARM\ARMCC\Bin
C Compiler:      Armcc.exe V5.06 update 7 (build 960)
Assembler:       Armasm.exe V5.06 update 7 (build 960)
Linker/Locator:  ArmLink.exe V5.06 update 7 (build 960)
Library Manager: ArmAr.exe V5.06 update 7 (build 960)
Hex Converter:   FromElf.exe V5.06 update 7 (build 960)
CPU DLL:         SARMCM3.DLL V5.35.0.2
Dialog DLL:      DARMSTM.DLL V1.68.0.0
Target DLL:      STLink\ST-LINKIII-KEIL_SWO.dll V3.0.9.0
Dialog DLL:      TARMSTM.DLL V1.66.0.0
 
<h2>Project:</h2>
E:\TangPan\OneDrive\ToWorks\GitProjects\TFT-2.8\TFT2.8_STD_Hardware_SPI\PROJECT\TOUCH.uvprojx
Project File Date:  09/11/2023

<h2>Output:</h2>
*** Using Compiler 'V5.06 update 7 (build 960)', folder: 'D:\Program Files\KEIL\ARM\ARMCC\Bin'
Rebuild target 'QD-TFT'
compiling key.c...
compiling system_stm32f10x.c...
compiling main.c...
compiling stm32f10x_it.c...
compiling lcd.c...
compiling test.c...
compiling GUI.c...
..\USER\GUI.c(394): warning:  #223-D: function "Lcd_WriteData01_16Bit" declared implicitly
  		        if(temp&0x01)Lcd_WriteData01_16Bit(fc); 
..\USER\GUI.c(561): warning:  #223-D: function "Lcd_WriteData01_16Bit" declared implicitly
  						else Lcd_WriteData01_16Bit(bc);
..\USER\GUI.c(665): warning:  #223-D: function "Lcd_WriteData01_16Bit" declared implicitly
  									if(tfont24[k].Msk[i]&(0x80>>j))	Lcd_WriteData01_16Bit(fc);
..\USER\GUI.c(764): warning:  #223-D: function "Lcd_WriteData01_16Bit" declared implicitly
  								if(tfont32[k].Msk[i]&(0x80>>j))	Lcd_WriteData01_16Bit(fc);
..\USER\GUI.c: 4 warnings, 0 errors
compiling 24cxx.c...
compiling led.c...
compiling SPI.c...
compiling bsp_exti.c...
compiling myiic.c...
compiling bsp_GeneralTim.c...
compiling touch.c...
assembling startup_stm32f10x_hd.s...
compiling core_cm3.c...
compiling misc.c...
compiling stm32f10x_gpio.c...
compiling stm32f10x_rcc.c...
compiling stm32f10x_exti.c...
compiling stm32f10x_spi.c...
compiling stm32f10x_tim.c...
compiling delay.c...
linking...
Program Size: Code=18250 RO-data=9934 RW-data=68 ZI-data=1652  
FromELF: creating hex file...
"..\OBJ\TOUCH.axf" - 0 Error(s), 4 Warning(s).

<h2>Software Packages used:</h2>

Package Vendor: ARM
                http://www.keil.com/pack/ARM.CMSIS.5.8.0.pack
                ARM.CMSIS.5.8.0
                CMSIS (Common Microcontroller Software Interface Standard)
   * Component: CORE Version: 5.5.0

Package Vendor: Keil
                http://www.keil.com/pack/Keil.STM32F1xx_DFP.2.3.0.pack
                Keil.STM32F1xx_DFP.2.3.0
                STMicroelectronics STM32F1 Series Device Support, Drivers and Examples
   * Component: Startup Version: 1.0.0

<h2>Collection of Component include folders:</h2>
  .\RTE\_QD-TFT
  D:\Program Files\KEIL\ARM\CMSIS\5.8.0\CMSIS\Core\Include
  D:\Program Files\KEIL\Keil\STM32F1xx_DFP\2.3.0\Device\Include

<h2>Collection of Component Files used:</h2>

   * Component: ARM::CMSIS:CORE:5.5.0

   * Component: Keil::Device:Startup:1.0.0
      Source file:   Device\Source\ARM\startup_stm32f10x_md.s
      Include file:  RTE_Driver\Config\RTE_Device.h
      Source file:   Device\Source\ARM\STM32F1xx_OPT.s
      Source file:   Device\Source\system_stm32f10x.c
Build Time Elapsed:  00:00:02
</pre>
</body>
</html>
