<html>
<body>
<pre>
<h1>礦ision Build Log</h1>
<h2>Tool Versions:</h2>
IDE-Version: μVision V5.27.1.0
Copyright (C) 2019 ARM Ltd and ARM Germany GmbH. All rights reserved.
License Information: Administrator Administrator, Administrator, LIC=PE7DL-0UEHA-74LS0-B0QI1-SB4K4-4MES9
 
Tool Versions:
Toolchain:       MDK-ARM Plus  Version: 5.35.0.2
Toolchain Path:  D:\Program Files\KEIL\ARM\ARMCC\Bin
C Compiler:      Armcc.exe V5.06 update 7 (build 960)
Assembler:       Armasm.exe V5.06 update 7 (build 960)
Linker/Locator:  ArmLink.exe V5.06 update 7 (build 960)
Library Manager: ArmAr.exe V5.06 update 7 (build 960)
Hex Converter:   FromElf.exe V5.06 update 7 (build 960)
CPU DLL:         SARMCM3.DLL V5.35.0.2
Dialog DLL:      DARMSTM.DLL V1.68.0.0
Target DLL:      STLink\ST-LINKIII-KEIL_SWO.dll V3.0.9.0
Dialog DLL:      TARMSTM.DLL V1.66.0.0
 
<h2>Project:</h2>
E:\TangPan\OneDrive\ToWorks\GitProjects\TFT-2.8\TFT2.8_STD_Hardware_SPI\PROJECT\TOUCH.uvprojx
Project File Date:  09/11/2023

<h2>Output:</h2>
*** Using Compiler 'V5.06 update 7 (build 960)', folder: 'D:\Program Files\KEIL\ARM\ARMCC\Bin'
Rebuild target 'QD-TFT'
compiling key.c...
compiling stm32f10x_it.c...
..\HARDWARE\LCD\lcd.h(77): warning:  #47-D: incompatible redefinition of macro "GPIO_TYPE"  (declared at line 70)
  #define GPIO_TYPE  GPIOB  //GPIO组类型
..\HARDWARE\LCD\lcd.h(78): warning:  #47-D: incompatible redefinition of macro "LED"  (declared at line 71)
  #define LED      9        //背光控制引脚        PB9
..\HARDWARE\LCD\lcd.h(79): warning:  #47-D: incompatible redefinition of macro "LCD_CS"  (declared at line 72)
  #define LCD_CS   11       //片选引脚            PB11
..\HARDWARE\LCD\lcd.h(80): warning:  #47-D: incompatible redefinition of macro "LCD_RS"  (declared at line 73)
  #define LCD_RS   10       //寄存器/数据选择引脚 PB10 
..\HARDWARE\LCD\lcd.h(81): warning:  #47-D: incompatible redefinition of macro "LCD_RST"  (declared at line 74)
  #define LCD_RST  12       //复位引脚            PB12
..\USER\stm32f10x_it.c: 5 warnings, 0 errors
compiling lcd.c...
..\HARDWARE\LCD\lcd.h(77): warning:  #47-D: incompatible redefinition of macro "GPIO_TYPE"  (declared at line 70)
  #define GPIO_TYPE  GPIOB  //GPIO组类型
..\HARDWARE\LCD\lcd.h(78): warning:  #47-D: incompatible redefinition of macro "LED"  (declared at line 71)
  #define LED      9        //背光控制引脚        PB9
..\HARDWARE\LCD\lcd.h(79): warning:  #47-D: incompatible redefinition of macro "LCD_CS"  (declared at line 72)
  #define LCD_CS   11       //片选引脚            PB11
..\HARDWARE\LCD\lcd.h(80): warning:  #47-D: incompatible redefinition of macro "LCD_RS"  (declared at line 73)
  #define LCD_RS   10       //寄存器/数据选择引脚 PB10 
..\HARDWARE\LCD\lcd.h(81): warning:  #47-D: incompatible redefinition of macro "LCD_RST"  (declared at line 74)
  #define LCD_RST  12       //复位引脚            PB12
..\HARDWARE\LCD\lcd.c: 5 warnings, 0 errors
compiling main.c...
..\HARDWARE\LCD\lcd.h(77): warning:  #47-D: incompatible redefinition of macro "GPIO_TYPE"  (declared at line 70)
  #define GPIO_TYPE  GPIOB  //GPIO组类型
..\HARDWARE\LCD\lcd.h(78): warning:  #47-D: incompatible redefinition of macro "LED"  (declared at line 71)
  #define LED      9        //背光控制引脚        PB9
..\HARDWARE\LCD\lcd.h(79): warning:  #47-D: incompatible redefinition of macro "LCD_CS"  (declared at line 72)
  #define LCD_CS   11       //片选引脚            PB11
..\HARDWARE\LCD\lcd.h(80): warning:  #47-D: incompatible redefinition of macro "LCD_RS"  (declared at line 73)
  #define LCD_RS   10       //寄存器/数据选择引脚 PB10 
..\HARDWARE\LCD\lcd.h(81): warning:  #47-D: incompatible redefinition of macro "LCD_RST"  (declared at line 74)
  #define LCD_RST  12       //复位引脚            PB12
..\USER\main.c: 5 warnings, 0 errors
compiling system_stm32f10x.c...
compiling test.c...
..\HARDWARE\LCD\lcd.h(77): warning:  #47-D: incompatible redefinition of macro "GPIO_TYPE"  (declared at line 70)
  #define GPIO_TYPE  GPIOB  //GPIO组类型
..\HARDWARE\LCD\lcd.h(78): warning:  #47-D: incompatible redefinition of macro "LED"  (declared at line 71)
  #define LED      9        //背光控制引脚        PB9
..\HARDWARE\LCD\lcd.h(79): warning:  #47-D: incompatible redefinition of macro "LCD_CS"  (declared at line 72)
  #define LCD_CS   11       //片选引脚            PB11
..\HARDWARE\LCD\lcd.h(80): warning:  #47-D: incompatible redefinition of macro "LCD_RS"  (declared at line 73)
  #define LCD_RS   10       //寄存器/数据选择引脚 PB10 
..\HARDWARE\LCD\lcd.h(81): warning:  #47-D: incompatible redefinition of macro "LCD_RST"  (declared at line 74)
  #define LCD_RST  12       //复位引脚            PB12
..\USER\test.c: 5 warnings, 0 errors
compiling GUI.c...
..\HARDWARE\LCD\lcd.h(77): warning:  #47-D: incompatible redefinition of macro "GPIO_TYPE"  (declared at line 70)
  #define GPIO_TYPE  GPIOB  //GPIO组类型
..\HARDWARE\LCD\lcd.h(78): warning:  #47-D: incompatible redefinition of macro "LED"  (declared at line 71)
  #define LED      9        //背光控制引脚        PB9
..\HARDWARE\LCD\lcd.h(79): warning:  #47-D: incompatible redefinition of macro "LCD_CS"  (declared at line 72)
  #define LCD_CS   11       //片选引脚            PB11
..\HARDWARE\LCD\lcd.h(80): warning:  #47-D: incompatible redefinition of macro "LCD_RS"  (declared at line 73)
  #define LCD_RS   10       //寄存器/数据选择引脚 PB10 
..\HARDWARE\LCD\lcd.h(81): warning:  #47-D: incompatible redefinition of macro "LCD_RST"  (declared at line 74)
  #define LCD_RST  12       //复位引脚            PB12
..\USER\GUI.c: 5 warnings, 0 errors
compiling 24cxx.c...
compiling SPI.c...
compiling led.c...
compiling myiic.c...
compiling bsp_exti.c...
compiling touch.c...
..\HARDWARE\LCD\lcd.h(77): warning:  #47-D: incompatible redefinition of macro "GPIO_TYPE"  (declared at line 70)
  #define GPIO_TYPE  GPIOB  //GPIO组类型
..\HARDWARE\LCD\lcd.h(78): warning:  #47-D: incompatible redefinition of macro "LED"  (declared at line 71)
  #define LED      9        //背光控制引脚        PB9
..\HARDWARE\LCD\lcd.h(79): warning:  #47-D: incompatible redefinition of macro "LCD_CS"  (declared at line 72)
  #define LCD_CS   11       //片选引脚            PB11
..\HARDWARE\LCD\lcd.h(80): warning:  #47-D: incompatible redefinition of macro "LCD_RS"  (declared at line 73)
  #define LCD_RS   10       //寄存器/数据选择引脚 PB10 
..\HARDWARE\LCD\lcd.h(81): warning:  #47-D: incompatible redefinition of macro "LCD_RST"  (declared at line 74)
  #define LCD_RST  12       //复位引脚            PB12
..\HARDWARE\TOUCH\touch.c: 5 warnings, 0 errors
compiling bsp_GeneralTim.c...
assembling startup_stm32f10x_hd.s...
compiling core_cm3.c...
compiling misc.c...
compiling stm32f10x_gpio.c...
compiling stm32f10x_rcc.c...
compiling stm32f10x_spi.c...
compiling stm32f10x_exti.c...
compiling delay.c...
compiling stm32f10x_tim.c...
linking...
Program Size: Code=16594 RO-data=9934 RW-data=64 ZI-data=1648  
FromELF: creating hex file...
"..\OBJ\TOUCH.axf" - 0 Error(s), 30 Warning(s).

<h2>Software Packages used:</h2>

Package Vendor: ARM
                http://www.keil.com/pack/ARM.CMSIS.5.8.0.pack
                ARM.CMSIS.5.8.0
                CMSIS (Common Microcontroller Software Interface Standard)
   * Component: CORE Version: 5.5.0

Package Vendor: Keil
                http://www.keil.com/pack/Keil.STM32F1xx_DFP.2.3.0.pack
                Keil.STM32F1xx_DFP.2.3.0
                STMicroelectronics STM32F1 Series Device Support, Drivers and Examples
   * Component: Startup Version: 1.0.0

<h2>Collection of Component include folders:</h2>
  .\RTE\_QD-TFT
  D:\Program Files\KEIL\ARM\CMSIS\5.8.0\CMSIS\Core\Include
  D:\Program Files\KEIL\Keil\STM32F1xx_DFP\2.3.0\Device\Include

<h2>Collection of Component Files used:</h2>

   * Component: ARM::CMSIS:CORE:5.5.0

   * Component: Keil::Device:Startup:1.0.0
      Source file:   Device\Source\ARM\startup_stm32f10x_md.s
      Source file:   Device\Source\system_stm32f10x.c
      Include file:  RTE_Driver\Config\RTE_Device.h
      Source file:   Device\Source\ARM\STM32F1xx_OPT.s
Build Time Elapsed:  00:00:02
</pre>
</body>
</html>
